🧬 PandaDock Metal-Aware Molecular Docking
==================================================
Receptor: results/1HSG/receptor/receptor_clean.pdb
Ligand: ligands/citric_acid.sdf
Algorithm: pandadock
Scoring: metal_aware
Grid center: (53.8, 12.0, 13.9) Å
Grid dimensions: (20.0, 20.0, 20.0) Å
Output directory: results/1HSG/docking/metal/citric_acid

WARNING:pandadock.metal_docking.metal_parameters:Metal parameter file not found at /home/vishishtaapandit28/docking-pipeline-project/PandaDock/Metal_ions_parameter.txt; using built-in fallback parameters. These are approximate and are adequate for identifying coordination geometry, but for quantitative metal binding energies supply an AutoDock-format parameter file via MetalParameterManager(parameter_file=...).
📥 Loading ligand...
✅ Validating metal ligand preparation...
⚠️  Validation warnings:
   • No metal atoms found in ligand
🚀 Starting metal-aware docking...
INFO:pandadock.metal_docking.metal_core:Starting metal-aware docking...
INFO:pandadock.metal_docking.metal_preparation:Identified 8 metal sites
INFO:pandadock.metal_docking.metal_core:Found 8 metal sites in receptor
INFO:pandadock.docking.engine:Starting docking with pandadock algorithm and physics_based scoring
INFO:pandadock.docking.pandadock:Exhaustiveness not specified; using 18 for 5 torsional DOF
INFO:pandadock.docking.pandadock:Ligand: 13 atoms (13 heavy), 5 torsional DOF, 11 total DOF
INFO:pandadock.docking.pandadock:Search is driven by the grid-accelerated Vina function; 'PhysicsBasedScoring' will be applied as a rescoring pass over the final poses.
INFO:pandadock.docking.search.grid_maps:Building 4 affinity grid(s) at 0.375 A spacing: 76 x 76 x 76 = 438976 points
INFO:pandadock.docking.search.grid_maps:Affinity grids built (7.0 MB)
INFO:pandadock.docking.pandadock:Grid construction took 14.95 s
INFO:pandadock.docking.search.monte_carlo:Search complete: 18 runs, 4968 local minima, 609618 energy evaluations, best -7.169 kcal/mol
INFO:pandadock.docking.pandadock:Docking finished in 570.00 s: 40 binding modes, best -7.169 kcal/mol
INFO:pandadock.docking.engine:Docking completed in 570.00 seconds
INFO:pandadock.docking.engine:Generated 40 poses
INFO:pandadock.metal_docking.metal_core:Rescoring 40 poses with metal-aware scoring
INFO:pandadock.metal_docking.metal_core:Metal-aware docking completed with 20 poses
✅ Docking completed in 571.26 seconds
📊 Generated 20 poses
💾 Saving results...
🔬 Performing metal interaction analysis...

📈 Top 5 poses:
  1. Energy: 269.900 kcal/mol, Confidence: 0.522, Metal Score: 0.000, Violations: 1
  2. Energy: 270.778 kcal/mol, Confidence: 0.708, Metal Score: 0.000, Violations: 1
  3. Energy: 271.154 kcal/mol, Confidence: 0.714, Metal Score: 0.000, Violations: 1
  4. Energy: 271.733 kcal/mol, Confidence: 0.454, Metal Score: 0.000, Violations: 1
  5. Energy: 271.823 kcal/mol, Confidence: 0.515, Metal Score: 0.000, Violations: 1

🎯 Metal Docking Summary:
   Average coordination score: 0.000
   Average metal binding score: 0.000
   Poses with violations: 20
   Violation rate: 100.00%

🎉 Metal docking complete! Results saved to: results/1HSG/docking/metal/citric_acid
