🧬 PandaDock Metal-Aware Molecular Docking
==================================================
Receptor: results/3BH4/receptor/receptor_clean.pdb
Ligand: ligands/EGTA.sdf
Algorithm: pandadock
Scoring: metal_aware
Grid center: (53.8, 12.0, 13.9) Å
Grid dimensions: (20.0, 20.0, 20.0) Å
Output directory: results/3BH4/docking/metal/EGTA

INFO:pandadock.metal_docking.metal_parameters:Loaded parameters for 10 metal types
📥 Loading ligand...
✅ Validating metal ligand preparation...
⚠️  Validation warnings:
   • No metal atoms found in ligand
🚀 Starting metal-aware docking...
INFO:pandadock.metal_docking.metal_core:Starting metal-aware docking...
INFO:pandadock.metal_docking.metal_preparation:Identified 8 metal sites
INFO:pandadock.metal_docking.metal_core:Found 8 metal sites in receptor
INFO:pandadock.docking.engine:Starting docking with pandadock algorithm and physics_based scoring
INFO:pandadock.docking.pandadock:Exhaustiveness not specified; using 32 for 17 torsional DOF
INFO:pandadock.docking.pandadock:Ligand: 26 atoms (26 heavy), 17 torsional DOF, 23 total DOF
INFO:pandadock.docking.pandadock:Search is driven by the grid-accelerated Vina function; 'PhysicsBasedScoring' will be applied as a rescoring pass over the final poses.
INFO:pandadock.docking.search.grid_maps:Building 4 affinity grid(s) at 0.375 A spacing: 76 x 76 x 76 = 438976 points
INFO:pandadock.docking.search.grid_maps:Affinity grids built (7.0 MB)
INFO:pandadock.docking.pandadock:Grid construction took 10.02 s
INFO:pandadock.docking.search.monte_carlo:Search complete: 32 runs, 18432 local minima, 2086693 energy evaluations, best -11.536 kcal/mol
INFO:pandadock.docking.pandadock:Docking finished in 1791.00 s: 40 binding modes, best -11.536 kcal/mol
INFO:pandadock.docking.engine:Docking completed in 1791.02 seconds
INFO:pandadock.docking.engine:Generated 40 poses
INFO:pandadock.metal_docking.metal_core:Rescoring 40 poses with metal-aware scoring
INFO:pandadock.metal_docking.metal_core:Metal-aware docking completed with 20 poses
✅ Docking completed in 1792.33 seconds
📊 Generated 20 poses
💾 Saving results...
🔬 Performing metal interaction analysis...

📈 Top 5 poses:
  1. Energy: 468.857 kcal/mol, Confidence: 0.447, Metal Score: 0.000, Violations: 1
  2. Energy: 468.877 kcal/mol, Confidence: 0.579, Metal Score: 0.000, Violations: 1
  3. Energy: 469.123 kcal/mol, Confidence: 0.434, Metal Score: 0.000, Violations: 1
  4. Energy: 469.271 kcal/mol, Confidence: 0.272, Metal Score: 0.000, Violations: 1
  5. Energy: 469.322 kcal/mol, Confidence: 0.336, Metal Score: 0.000, Violations: 1

🎯 Metal Docking Summary:
   Average coordination score: 0.000
   Average metal binding score: 0.000
   Poses with violations: 20
   Violation rate: 100.00%

🎉 Metal docking complete! Results saved to: results/3BH4/docking/metal/EGTA
