🧬 PandaDock Metal-Aware Molecular Docking
==================================================
Receptor: results/3BH4/receptor/receptor_clean.pdb
Ligand: ligands/tartaric_acid.sdf
Algorithm: pandadock
Scoring: metal_aware
Grid center: (53.8, 12.0, 13.9) Å
Grid dimensions: (20.0, 20.0, 20.0) Å
Output directory: results/3BH4/docking/metal/tartaric_acid

INFO:pandadock.metal_docking.metal_parameters:Loaded parameters for 10 metal types
📥 Loading ligand...
✅ Validating metal ligand preparation...
⚠️  Validation warnings:
   • No metal atoms found in ligand
🚀 Starting metal-aware docking...
INFO:pandadock.metal_docking.metal_core:Starting metal-aware docking...
INFO:pandadock.metal_docking.metal_preparation:Identified 8 metal sites
INFO:pandadock.metal_docking.metal_core:Found 8 metal sites in receptor
INFO:pandadock.docking.engine:Starting docking with pandadock algorithm and physics_based scoring
INFO:pandadock.docking.pandadock:Exhaustiveness not specified; using 14 for 3 torsional DOF
INFO:pandadock.docking.pandadock:Ligand: 10 atoms (10 heavy), 3 torsional DOF, 9 total DOF
INFO:pandadock.docking.pandadock:Search is driven by the grid-accelerated Vina function; 'PhysicsBasedScoring' will be applied as a rescoring pass over the final poses.
INFO:pandadock.docking.search.grid_maps:Building 3 affinity grid(s) at 0.375 A spacing: 76 x 76 x 76 = 438976 points
INFO:pandadock.docking.search.grid_maps:Affinity grids built (5.3 MB)
INFO:pandadock.docking.pandadock:Grid construction took 16.78 s
INFO:pandadock.docking.search.monte_carlo:Search complete: 14 runs, 3164 local minima, 408404 energy evaluations, best -6.163 kcal/mol
INFO:pandadock.docking.pandadock:Docking finished in 203.34 s: 40 binding modes, best -6.163 kcal/mol
INFO:pandadock.docking.engine:Docking completed in 203.34 seconds
INFO:pandadock.docking.engine:Generated 40 poses
INFO:pandadock.metal_docking.metal_core:Rescoring 40 poses with metal-aware scoring
INFO:pandadock.metal_docking.metal_core:Metal-aware docking completed with 20 poses
✅ Docking completed in 204.61 seconds
📊 Generated 20 poses
💾 Saving results...
🔬 Performing metal interaction analysis...

📈 Top 5 poses:
  1. Energy: 231.580 kcal/mol, Confidence: 0.506, Metal Score: 0.000, Violations: 1
  2. Energy: 231.776 kcal/mol, Confidence: 0.515, Metal Score: 0.000, Violations: 1
  3. Energy: 232.014 kcal/mol, Confidence: 1.000, Metal Score: 0.000, Violations: 1
  4. Energy: 232.277 kcal/mol, Confidence: 0.674, Metal Score: 0.000, Violations: 1
  5. Energy: 232.672 kcal/mol, Confidence: 0.494, Metal Score: 0.000, Violations: 1

🎯 Metal Docking Summary:
   Average coordination score: 0.000
   Average metal binding score: 0.000
   Poses with violations: 20
   Violation rate: 100.00%

🎉 Metal docking complete! Results saved to: results/3BH4/docking/metal/tartaric_acid
